Microchip MPLAB XC8 Compiler V1.33 ()

Linker command line:

--edf=C:\Program Files (x86)\Microchip\xc8\v1.33\dat\en_msgs.txt -cs \
  -h+LE2.sym --cmf=LE2.cmf -z -Q16F877A \
  -oC:\Users\parra\AppData\Local\Temp\s12fg.6 -MLE2.map -E1 -ver=XC8 \
  -ASTACK=0110h-016fh -pstack=STACK -ACONST=00h-0FFhx32 -ACODE=00h-07FFhx4 \
  -ASTRCODE=00h-01FFFh -AENTRY=00h-0FFhx32 -ASTRING=00h-0FFhx32 \
  -ACOMMON=070h-07Fh -ABANK0=020h-06Fh -ABANK1=0A0h-0EFh \
  -ABANK2=0110h-016Fh -ABANK3=0190h-01EFh \
  -ARAM=020h-06Fh,0A0h-0EFh,0110h-016Fh,0190h-01EFh \
  -AABS1=020h-07Fh,0A0h-0EFh,0110h-016Fh,0190h-01EFh -ASFR0=00h-01Fh \
  -ASFR1=080h-09Fh -ASFR2=0100h-010Fh -ASFR3=0180h-018Fh \
  -preset_vec=00h,intentry,init,end_init -ppowerup=CODE -pcinit=CODE \
  -pfunctab=CODE -ACONFIG=02007h-02007h -pconfig=CONFIG -DCONFIG=2 \
  -AIDLOC=02000h-02003h -pidloc=IDLOC -DIDLOC=2 -AEEDATA=00h-0FFh/02100h \
  -peeprom_data=EEDATA -DEEDATA=2 -DCODE=2 -DSTRCODE=2 -DSTRING=2 -DCONST=2 \
  -DENTRY=2 -k startup.obj LE2.obj 

Object code version is 3.11

Machine type is 16F877A



                Name                               Link     Load   Length Selector   Space Scale
startup.obj     end_init                              0        0        3        0       0
                config                             2007     2007        1     400E       0
LE2.obj         cinit                               7FC      7FC        4      FF8       0
                text4                               687      687       27      D0E       0
                text3                               63D      63D       12      C7A       0
                text2                               64F      64F       12      C9E       0
                text1                               661      661       26      CC2       0
                maintext                            6AE      6AE      14E      D5C       0
                cstackCOMMON                         70       70        D       70       1

TOTAL           Name                               Link     Load   Length     Space
        CLASS   STACK          

        CLASS   CONST          

        CLASS   CODE           
                end_init                              0        0        3         0
                cinit                               7FC      7FC        4         0
                text4                               687      687       27         0
                text3                               63D      63D       12         0
                text2                               64F      64F       12         0
                text1                               661      661       26         0
                maintext                            6AE      6AE      14E         0

        CLASS   STRCODE        

        CLASS   ENTRY          

        CLASS   STRING         

        CLASS   COMMON         
                cstackCOMMON                         70       70        D         1

        CLASS   BANK0          

        CLASS   BANK1          

        CLASS   BANK2          

        CLASS   BANK3          

        CLASS   RAM            

        CLASS   ABS1           
                abs_s1                               7E       7E        2         1

        CLASS   SFR0           

        CLASS   SFR1           

        CLASS   SFR2           

        CLASS   SFR3           

        CLASS   CONFIG         
                config                             2007     2007        1         0

        CLASS   IDLOC          

        CLASS   EEDATA         



SEGMENTS        Name                           Load    Length   Top    Selector   Space  Class     Delta

                reset_vec                      000000  000003  000003         0       0  CODE        2
                cstackCOMMON                   000070  00000D  00007D        70       1  COMMON      1
                text3                          00063D  000012  00064F       C7A       0  CODE        2
                text2                          00064F  000012  000661       C9E       0  CODE        2
                text1                          000661  000026  000687       CC2       0  CODE        2
                text4                          000687  000027  0006AE       D0E       0  CODE        2
                maintext                       0006AE  00014E  0007FC       D5C       0  CODE        2
                cinit                          0007FC  000004  000800       FF8       0  CODE        2
                config                         002007  000001  002008      400E       0  CONFIG      2


UNUSED ADDRESS RANGES

        Name                Unused          Largest block    Delta
        BANK0            0020-006F             50           1
        BANK1            00A0-00EF             50           1
        BANK2            0110-016F             60           1
        BANK3            0190-01EF             60           1
        CODE             0003-063C            63A           2
                         0800-1FFF            800
        COMMON           007D-007D              1           1
        CONST            0003-063C            100           2
                         0800-1FFF            100
        EEDATA           2100-21FF            100           2
        ENTRY            0003-063C            100           2
                         0800-1FFF            100
        IDLOC            2000-2003              4           2
        RAM              0020-006F             50           1
                         00A0-00EF             50
                         0110-016F             60
                         0190-01EF             60
        SFR0             0000-001F             20           1
        SFR1             0080-009F             20           1
        SFR2             0100-010F             10           1
        SFR3             0180-018F             10           1
        STACK            0110-016F             60           1
        STRCODE          0003-063C            63A           2
                         0800-1FFF           1800
        STRING           0003-063C            100           2
                         0800-1FFF            100

                                  Symbol Table

_PORTA                   (abs)        0005
_PORTB                   (abs)        0006
_PORTD                   (abs)        0008
_RC0                     (abs)        0038
_RC1                     (abs)        0039
_RD4                     (abs)        0044
_TRISB                   (abs)        0086
_TRISC                   (abs)        0087
_TRISD                   (abs)        0088
__CFG_BOREN$ON           (abs)        0000
__CFG_CP$OFF             (abs)        0000
__CFG_CPD$OFF            (abs)        0000
__CFG_FOSC$XT            (abs)        0000
__CFG_LVP$OFF            (abs)        0000
__CFG_PWRTE$ON           (abs)        0000
__CFG_WDTE$OFF           (abs)        0000
__CFG_WRT$OFF            (abs)        0000
__Habs1                  abs1         0000
__Hbank0                 bank0        0000
__Hbank1                 bank1        0000
__Hbank2                 bank2        0000
__Hbank3                 bank3        0000
__Hcinit                 cinit        0800
__Hclrtext               clrtext      0000
__Hcode                  code         0000
__Hcommon                common       0000
__Hconfig                config       2008
__HcstackCOMMON          cstackCOMMON 0000
__Heeprom_data           eeprom_data  0000
__Hend_init              end_init     0003
__Hfunctab               functab      0000
__Hidloc                 idloc        0000
__Hinit                  init         0000
__Hintentry              intentry     0000
__Hmaintext              maintext     0000
__Hpowerup               powerup      0000
__Hram                   ram          0000
__Hreset_vec             reset_vec    0000
__Hsfr0                  sfr0         0000
__Hsfr1                  sfr1         0000
__Hsfr2                  sfr2         0000
__Hsfr3                  sfr3         0000
__Hspace_0               (abs)        2008
__Hspace_1               (abs)        007D
__Hspace_2               (abs)        0000
__Hspace_3               (abs)        0000
__Hstack                 stack        0000
__Hstrings               strings      0000
__Htext                  text         0000
__Labs1                  abs1         0000
__Lbank0                 bank0        0000
__Lbank1                 bank1        0000
__Lbank2                 bank2        0000
__Lbank3                 bank3        0000
__Lcinit                 cinit        07FC
__Lclrtext               clrtext      0000
__Lcode                  code         0000
__Lcommon                common       0000
__Lconfig                config       2007
__LcstackCOMMON          cstackCOMMON 0000
__Leeprom_data           eeprom_data  0000
__Lend_init              end_init     0000
__Lfunctab               functab      0000
__Lidloc                 idloc        0000
__Linit                  init         0000
__Lintentry              intentry     0000
__Lmaintext              maintext     0000
__Lpowerup               powerup      0000
__Lram                   ram          0000
__Lreset_vec             reset_vec    0000
__Lsfr0                  sfr0         0000
__Lsfr1                  sfr1         0000
__Lsfr2                  sfr2         0000
__Lsfr3                  sfr3         0000
__Lspace_0               (abs)        0000
__Lspace_1               (abs)        0000
__Lspace_2               (abs)        0000
__Lspace_3               (abs)        0000
__Lstack                 stack        0000
__Lstrings               strings      0000
__Ltext                  text         0000
__S0                     (abs)        2008
__S1                     (abs)        007D
__S2                     (abs)        0000
__S3                     (abs)        0000
___int_sp                stack        0000
___latbits               (abs)        0002
___sp                    stack        0000
__end_of__initialization cinit        07FC
__end_of_dataCtrl        text3        064F
__end_of_delay           text4        06AE
__end_of_initLCD         text1        0687
__end_of_instCtrl        text2        0661
__end_of_main            maintext     07FC
__initialization         cinit        07FC
__pcstackCOMMON          cstackCOMMON 0070
__pmaintext              maintext     06AE
__ptext0                 text0        0000
__ptext1                 text1        0661
__ptext2                 text2        064F
__ptext3                 text3        063D
__ptext4                 text4        0687
__size_of_dataCtrl       (abs)        0000
__size_of_delay          (abs)        0000
__size_of_initLCD        (abs)        0000
__size_of_instCtrl       (abs)        0000
__size_of_main           (abs)        0000
_dataCtrl                text3        063D
_delay                   text4        0687
_initLCD                 text1        0661
_instCtrl                text2        064F
_main                    maintext     06AE
btemp                    (abs)        007E
dataCtrl@DATA            cstackCOMMON 0076
delay@MUL                cstackCOMMON 0070
delay@i                  cstackCOMMON 0072
delay@j                  cstackCOMMON 0074
end_of_initialization    cinit        07FC
instCtrl@INST            cstackCOMMON 0076
intlevel0                functab      0000
intlevel1                functab      0000
intlevel2                functab      0000
intlevel3                functab      0000
intlevel4                functab      0000
intlevel5                functab      0000
ltemp                    (abs)        007E
ltemp0                   (abs)        007E
ltemp1                   (abs)        0082
ltemp2                   (abs)        0086
ltemp3                   (abs)        0080
main@VAL                 cstackCOMMON 007C
main@charCount           cstackCOMMON 0078
main@rowCount            cstackCOMMON 007A
reset_vec                reset_vec    0000
stackhi                  (abs)        0000
stacklo                  (abs)        0000
start                    init         0000
start_initialization     cinit        07FC
ttemp                    (abs)        007E
ttemp0                   (abs)        007E
ttemp1                   (abs)        0081
ttemp2                   (abs)        0084
ttemp3                   (abs)        0087
ttemp4                   (abs)        007F
wtemp                    (abs)        007E
wtemp0                   (abs)        007E
wtemp1                   (abs)        0080
wtemp2                   (abs)        0082
wtemp3                   (abs)        0084
wtemp4                   (abs)        0086
wtemp5                   (abs)        0088
wtemp6                   (abs)        007F


FUNCTION INFORMATION:

 *************** function _main *****************
 Defined at:
		line 51 in file "C:\Users\parra\OneDrive\Desktop\Folders\School\CPE3201\PracAct#2\Version2\LE2-3.c"
 Parameters:    Size  Location     Type
		None
 Auto vars:     Size  Location     Type
  rowCount        2   10[COMMON] unsigned int 
  charCount       2    8[COMMON] unsigned int 
  VAL             1   12[COMMON] unsigned char 
 Return value:  Size  Location     Type
		None               void
 Registers used:
		wreg, status,2, status,0, pclath, cstack
 Tracked objects:
		On entry : 
		On exit  : 
		Unchanged: 
 Data sizes:     COMMON   BANK0   BANK1   BANK3   BANK2
      Params:         0       0       0       0       0
      Locals:         5       0       0       0       0
      Temps:          1       0       0       0       0
      Totals:         6       0       0       0       0
Total ram usage:        6 bytes
 Hardware stack levels required when called:    3
 This function calls:
		_dataCtrl
		_delay
		_initLCD
		_instCtrl
 This function is called by:
		Startup code after reset
 This function uses a non-reentrant model


 *************** function _initLCD *****************
 Defined at:
		line 41 in file "C:\Users\parra\OneDrive\Desktop\Folders\School\CPE3201\PracAct#2\Version2\LE2-3.c"
 Parameters:    Size  Location     Type
		None
 Auto vars:     Size  Location     Type
		None
 Return value:  Size  Location     Type
		None               void
 Registers used:
		wreg, status,2, status,0, pclath, cstack
 Tracked objects:
		On entry : 
		On exit  : 
		Unchanged: 
 Data sizes:     COMMON   BANK0   BANK1   BANK3   BANK2
      Params:         0       0       0       0       0
      Locals:         0       0       0       0       0
      Temps:          0       0       0       0       0
      Totals:         0       0       0       0       0
Total ram usage:        0 bytes
 Hardware stack levels used:    1
 Hardware stack levels required when called:    2
 This function calls:
		_delay
		_instCtrl
 This function is called by:
		_main
 This function uses a non-reentrant model


 *************** function _instCtrl *****************
 Defined at:
		line 23 in file "C:\Users\parra\OneDrive\Desktop\Folders\School\CPE3201\PracAct#2\Version2\LE2-3.c"
 Parameters:    Size  Location     Type
  INST            1    wreg     unsigned char 
 Auto vars:     Size  Location     Type
  INST            1    6[COMMON] unsigned char 
 Return value:  Size  Location     Type
		None               void
 Registers used:
		wreg, status,2, status,0, pclath, cstack
 Tracked objects:
		On entry : 
		On exit  : 
		Unchanged: 
 Data sizes:     COMMON   BANK0   BANK1   BANK3   BANK2
      Params:         0       0       0       0       0
      Locals:         1       0       0       0       0
      Temps:          0       0       0       0       0
      Totals:         1       0       0       0       0
Total ram usage:        1 bytes
 Hardware stack levels used:    1
 Hardware stack levels required when called:    1
 This function calls:
		_delay
 This function is called by:
		_initLCD
		_main
 This function uses a non-reentrant model


 *************** function _dataCtrl *****************
 Defined at:
		line 32 in file "C:\Users\parra\OneDrive\Desktop\Folders\School\CPE3201\PracAct#2\Version2\LE2-3.c"
 Parameters:    Size  Location     Type
  DATA            1    wreg     unsigned char 
 Auto vars:     Size  Location     Type
  DATA            1    6[COMMON] unsigned char 
 Return value:  Size  Location     Type
		None               void
 Registers used:
		wreg, status,2, status,0, pclath, cstack
 Tracked objects:
		On entry : 
		On exit  : 
		Unchanged: 
 Data sizes:     COMMON   BANK0   BANK1   BANK3   BANK2
      Params:         0       0       0       0       0
      Locals:         1       0       0       0       0
      Temps:          0       0       0       0       0
      Totals:         1       0       0       0       0
Total ram usage:        1 bytes
 Hardware stack levels used:    1
 Hardware stack levels required when called:    1
 This function calls:
		_delay
 This function is called by:
		_main
 This function uses a non-reentrant model


 *************** function _delay *****************
 Defined at:
		line 12 in file "C:\Users\parra\OneDrive\Desktop\Folders\School\CPE3201\PracAct#2\Version2\LE2-3.c"
 Parameters:    Size  Location     Type
  MUL             2    0[COMMON] unsigned int 
 Auto vars:     Size  Location     Type
  j               2    4[COMMON] unsigned int 
  i               2    2[COMMON] unsigned int 
 Return value:  Size  Location     Type
		None               void
 Registers used:
		wreg, status,2, status,0
 Tracked objects:
		On entry : 
		On exit  : 
		Unchanged: 
 Data sizes:     COMMON   BANK0   BANK1   BANK3   BANK2
      Params:         2       0       0       0       0
      Locals:         4       0       0       0       0
      Temps:          0       0       0       0       0
      Totals:         6       0       0       0       0
Total ram usage:        6 bytes
 Hardware stack levels used:    1
 This function calls:
		Nothing
 This function is called by:
		_instCtrl
		_dataCtrl
		_initLCD
		_main
 This function uses a non-reentrant model



MODULE INFORMATION

Module		Function		Class		Link	Load	Size
shared
		__initializatio		CODE           	07FC	0000	0

shared estimated size: 0

C:\Users\parra\OneDrive\Desktop\Folders\School\CPE3201\PracAct#2\Version2\LE2-3.c
		_delay         		CODE           	0687	0000	39
		_main          		CODE           	06AE	0000	334
		_instCtrl      		CODE           	064F	0000	18
		_dataCtrl      		CODE           	063D	0000	18
		_initLCD       		CODE           	0661	0000	38

C:\Users\parra\OneDrive\Desktop\Folders\School\CPE3201\PracAct#2\Version2\LE2-3.c estimated size: 447

